-- The CXX compiler identification is IntelLLVM 2025.2.1
-- The Fortran compiler identification is IntelLLVM 2025.2.1
-- Detecting CXX compiler ABI info
-- Detecting CXX compiler ABI info - done
-- Check for working CXX compiler: /opt/intel/oneapi/mpi/2021.16/bin/mpiicpx - skipped
-- Detecting CXX compile features
-- Detecting CXX compile features - done
-- Detecting Fortran compiler ABI info
-- Detecting Fortran compiler ABI info - done
-- Check for working Fortran compiler: /opt/intel/oneapi/mpi/2021.16/bin/mpiifx - skipped
-- Found IntelMKL: /opt/intel/oneapi/mkl/2025.2/lib/libmkl_intel_lp64.so
-- Found MPI_CXX: /opt/intel/oneapi/mpi/2021.16/bin/mpiicpx (found version "4.1")
-- Found MPI_Fortran: /opt/intel/oneapi/mpi/2021.16/bin/mpiifx (found version "4.1")
-- Found MPI: TRUE (found version "4.1")
-- Found OpenMP_CXX: -fiopenmp (found version "5.1")
-- Found OpenMP_Fortran: -fiopenmp
-- Found OpenMP: TRUE (found version "5.1")
-- Build with LibRI and dependeicies
-- Use internal Cereal  : thirdparty/cereal-1.3.0
-- Use internal LibComm : thirdparty/LibComm
-- Use internal LibRI   : thirdparty/LibRI
-- Generate MiniMax grids by using API of GreenX library
-- CMAKE_Fortran_FLAGS:  -stand f08 -implicitnone -diag-disable=5268 -free -fPIC
-- Looking for Fortran sgemm
-- Looking for Fortran sgemm - not found
-- Performing Test CMAKE_HAVE_LIBC_PTHREAD
-- Performing Test CMAKE_HAVE_LIBC_PTHREAD - Success
-- Found Threads: TRUE
-- Looking for Fortran sgemm
-- Looking for Fortran sgemm - found
-- Found BLAS: /opt/intel/oneapi/mkl/2025.2/lib/libmkl_intel_lp64.so;/opt/intel/oneapi/mkl/2025.2/lib/libmkl_intel_thread.so;/opt/intel/oneapi/mkl/2025.2/lib/libmkl_core.so;/opt/intel/oneapi/compiler/2025.2/lib/libiomp5.so;-lm;-ldl
-- Looking for Fortran cheev
-- Looking for Fortran cheev - found
-- Found LAPACK: /opt/intel/oneapi/mkl/2025.2/lib/libmkl_intel_lp64.so;/opt/intel/oneapi/mkl/2025.2/lib/libmkl_intel_thread.so;/opt/intel/oneapi/mkl/2025.2/lib/libmkl_core.so;/opt/intel/oneapi/compiler/2025.2/lib/libiomp5.so;-lm;-ldl;-lm;-ldl
-- Found Python3: /usr/bin/python3 (found suitable version "3.13.5", minimum required is "3.7") found components: Interpreter Development Development.Module Development.Embed
-- Found PY_numpy: /home/bhj/.local/lib/python3.13/site-packages/numpy
-- Could NOT find PY_pytest (missing: PY_PYTEST) 
-- Build driver
-- CMAKE_INSTALL_RPATH: /tmp/librpa-qsgw-gate-a0-legacy-e08f4a13-20260720-v3/build/install/lib
-- CMAKE_CXX_FLAGS:   -fiopenmp
-- Configuring done (12.6s)
-- Generating done (0.0s)
-- Build files have been written to: /tmp/librpa-qsgw-gate-a0-legacy-e08f4a13-20260720-v3/build
