[  1%] Building Fortran object thirdparty/greenX-6ff8a00/GX-common/CMakeFiles/GXCommon.dir/src/kinds.f90.o
[  2%] Building Fortran object thirdparty/greenX-6ff8a00/GX-common/CMakeFiles/GXCommon.dir/src/constants.f90.o
[  3%] Building Fortran object thirdparty/greenX-6ff8a00/GX-common/CMakeFiles/GXCommon.dir/src/unit_conversion.f90.o
[  4%] Building Fortran object thirdparty/greenX-6ff8a00/GX-common/CMakeFiles/GXCommon.dir/src/error_handling.f90.o
[  5%] Linking Fortran static library ../lib/libGXCommon.a
[  5%] Built target GXCommon
[  6%] Building Fortran object thirdparty/greenX-6ff8a00/GX-AnalyticContinuation/CMakeFiles/LibGXAC.dir/src/pade_approximant.f90.o
[  8%] Building Fortran object thirdparty/greenX-6ff8a00/GX-TimeFrequency/CMakeFiles/LibGXMiniMax.dir/src/minimax_utils.F90.o
[  9%] Building Fortran object thirdparty/greenX-6ff8a00/GX-TimeFrequency/CMakeFiles/LibGXMiniMax.dir/src/minimax_omega.F90.o
[ 10%] Building Fortran object thirdparty/greenX-6ff8a00/GX-TimeFrequency/CMakeFiles/LibGXMiniMax.dir/src/minimax_tau.F90.o
[ 11%] Linking Fortran static library ../lib/libLibGXAC.a
[ 11%] Built target LibGXAC
[ 12%] Building Fortran object thirdparty/greenX-6ff8a00/GX-TimeFrequency/CMakeFiles/LibGXMiniMax.dir/src/minimax_grids.F90.o
[ 13%] Building Fortran object thirdparty/greenX-6ff8a00/GX-TimeFrequency/CMakeFiles/LibGXMiniMax.dir/api/api_utilities.f90.o
[ 15%] Building Fortran object thirdparty/greenX-6ff8a00/GX-TimeFrequency/CMakeFiles/LibGXMiniMax.dir/api/gx_minimax.f90.o
[ 16%] Linking Fortran static library ../lib/libLibGXMiniMax.a
[ 16%] Built target LibGXMiniMax
[ 17%] Building Fortran object thirdparty/greenX-6ff8a00/GX-TimeFrequency/CMakeFiles/test_gx_minimax_grid.dir/test/test_gx_minimax_grid.f90.o
[ 18%] Building Fortran object thirdparty/greenX-6ff8a00/GX-TimeFrequency/CMakeFiles/GXTabulateGrids.dir/utilities/gx_tabulate_minimax.F90.o
[ 19%] Building CXX object src/CMakeFiles/rpa_lib.dir/abacus_symmetry.cpp.o
[ 20%] Building Fortran object src/CMakeFiles/rpa_lib.dir/gx_minimax_wrp.f90.o
[ 22%] Linking Fortran executable ../bin/test_gx_minimax_grid.exe
[ 23%] Building CXX object src/CMakeFiles/rpa_lib.dir/analycont.cpp.o
[ 24%] Linking Fortran executable ../bin/gx_tabulate_grids.exe
[ 24%] Built target test_gx_minimax_grid
[ 25%] Building CXX object src/CMakeFiles/rpa_lib.dir/app_rpa.cpp.o
[ 25%] Built target GXTabulateGrids
[ 26%] Building CXX object src/CMakeFiles/rpa_lib.dir/app_exx.cpp.o
[ 27%] Building CXX object src/CMakeFiles/rpa_lib.dir/atomic_basis.cpp.o
[ 29%] Building CXX object src/CMakeFiles/rpa_lib.dir/base_blacs.cpp.o
[ 30%] Building CXX object src/CMakeFiles/rpa_lib.dir/chi0.cpp.o
[ 31%] Building CXX object src/CMakeFiles/rpa_lib.dir/complexmatrix.cpp.o
[ 32%] Building CXX object src/CMakeFiles/rpa_lib.dir/constants.cpp.o
[ 33%] Building CXX object src/CMakeFiles/rpa_lib.dir/coulmat.cpp.o
[ 34%] Building CXX object src/CMakeFiles/rpa_lib.dir/dielecmodel.cpp.o
[ 36%] Building CXX object src/CMakeFiles/rpa_lib.dir/envs_cmake.cpp.o
[ 37%] Building CXX object src/CMakeFiles/rpa_lib.dir/envs_io.cpp.o
[ 38%] Building CXX object src/CMakeFiles/rpa_lib.dir/envs_mpi.cpp.o
[ 39%] Building CXX object src/CMakeFiles/rpa_lib.dir/envs_blacs.cpp.o
[ 40%] Building CXX object src/CMakeFiles/rpa_lib.dir/epsilon.cpp.o
[ 41%] Building CXX object src/CMakeFiles/rpa_lib.dir/exx.cpp.o
[ 43%] Building CXX object src/CMakeFiles/rpa_lib.dir/fitting.cpp.o
[ 44%] Building CXX object src/CMakeFiles/rpa_lib.dir/geometry.cpp.o
[ 45%] Building CXX object src/CMakeFiles/rpa_lib.dir/gw.cpp.o
[ 46%] Building CXX object src/CMakeFiles/rpa_lib.dir/librpa.cpp.o
[ 47%] Building CXX object src/CMakeFiles/rpa_lib.dir/librpa_main.cpp.o
[ 48%] Building CXX object src/CMakeFiles/rpa_lib.dir/interpolate.cpp.o
[ 50%] Building CXX object src/CMakeFiles/rpa_lib.dir/mathtools.cpp.o
[ 51%] Building CXX object src/CMakeFiles/rpa_lib.dir/matrix.cpp.o
[ 52%] Building CXX object src/CMakeFiles/rpa_lib.dir/matrix3.cpp.o
[ 53%] Building CXX object src/CMakeFiles/rpa_lib.dir/meanfield.cpp.o
[ 54%] Building CXX object src/CMakeFiles/rpa_lib.dir/parallel_mpi.cpp.o
[ 55%] Building CXX object src/CMakeFiles/rpa_lib.dir/params.cpp.o
[ 56%] Building CXX object src/CMakeFiles/rpa_lib.dir/pbc.cpp.o
[ 58%] Building CXX object src/CMakeFiles/rpa_lib.dir/profiler.cpp.o
[ 59%] Building CXX object src/CMakeFiles/rpa_lib.dir/qpe_solver.cpp.o
[ 60%] Building CXX object src/CMakeFiles/rpa_lib.dir/ri.cpp.o
[ 61%] Building CXX object src/CMakeFiles/rpa_lib.dir/timefreq.cpp.o
[ 62%] Building CXX object src/CMakeFiles/rpa_lib.dir/utils_cmake.cpp.o
[ 63%] Building CXX object src/CMakeFiles/rpa_lib.dir/utils_mem.cpp.o
[ 65%] Building CXX object src/CMakeFiles/rpa_lib.dir/utils_blacs.cpp.o
[ 66%] Building CXX object src/CMakeFiles/rpa_lib.dir/utils_timefreq.cpp.o
[ 67%] Building CXX object src/CMakeFiles/rpa_lib.dir/vector3_order.cpp.o
[ 68%] Building CXX object src/CMakeFiles/rpa_lib.dir/hartree.cpp.o
[ 69%] Building CXX object src/CMakeFiles/rpa_lib.dir/get_minimax_gx.cpp.o
[ 70%] Linking CXX shared library librpa.so
[ 70%] Built target rpa_lib
[ 75%] Building CXX object qsgw/CMakeFiles/qsgw_lib.dir/pulay_mixing.cpp.o
[ 75%] Building CXX object qsgw/CMakeFiles/qsgw_lib.dir/fermi_energy_occupation.cpp.o
[ 75%] Building CXX object qsgw/CMakeFiles/qsgw_lib.dir/Hamiltonian.cpp.o
[ 75%] Building CXX object qsgw/CMakeFiles/qsgw_lib.dir/convert_csc.cpp.o
[ 76%] Linking CXX shared library libqsgw.so
[ 76%] Built target qsgw_lib
[ 77%] Building CXX object driver/CMakeFiles/rpa_exe.dir/read_data.cpp.o
[ 79%] Building CXX object driver/CMakeFiles/rpa_exe.dir/driver_params.cpp.o
[ 80%] Building CXX object driver/CMakeFiles/rpa_exe.dir/main.cpp.o
[ 81%] Building CXX object driver/CMakeFiles/rpa_exe.dir/driver_utils.cpp.o
[ 82%] Building CXX object driver/CMakeFiles/rpa_exe.dir/write_aims.cpp.o
[ 83%] Building CXX object driver/CMakeFiles/rpa_exe.dir/inputfile.cpp.o
[ 84%] Building CXX object driver/CMakeFiles/rpa_exe.dir/task_rpa.cpp.o
[ 86%] Building CXX object driver/CMakeFiles/rpa_exe.dir/task_exx.cpp.o
[ 87%] Building CXX object driver/CMakeFiles/rpa_exe.dir/task_exx_band.cpp.o
[ 88%] Building CXX object driver/CMakeFiles/rpa_exe.dir/task_gw.cpp.o
[ 89%] Building CXX object driver/CMakeFiles/rpa_exe.dir/task_gw_band.cpp.o
[ 90%] Building CXX object driver/CMakeFiles/rpa_exe.dir/task_topo_gw_band.cpp.o
[ 91%] Building CXX object driver/CMakeFiles/rpa_exe.dir/task_screened_coulomb.cpp.o
[ 93%] Building CXX object driver/CMakeFiles/rpa_exe.dir/task_test.cpp.o
[ 94%] Building CXX object driver/CMakeFiles/rpa_exe.dir/task_qsgw.cpp.o
[ 95%] Building CXX object driver/CMakeFiles/rpa_exe.dir/task_qsgwA.cpp.o
[ 96%] Building CXX object driver/CMakeFiles/rpa_exe.dir/task_qsgw_band.cpp.o
[ 97%] Building CXX object driver/CMakeFiles/rpa_exe.dir/task_scRPA.cpp.o
[ 98%] Building CXX object driver/CMakeFiles/rpa_exe.dir/task_qsgw_band_0.cpp.o
[100%] Linking CXX executable ../chi0_main.exe
[100%] Built target rpa_exe
