[  0%] Building Fortran object thirdparty/greenX/GX-common/CMakeFiles/GXCommon.dir/src/kinds.f90.o
[  0%] Building Fortran object thirdparty/greenX/GX-common/CMakeFiles/GXCommon.dir/src/constants.f90.o
[  2%] Building Fortran object thirdparty/greenX/GX-common/CMakeFiles/GXCommon.dir/src/lapack_interfaces.f90.o
[  4%] Building Fortran object thirdparty/greenX/GX-common/CMakeFiles/GXCommon.dir/src/unit_conversion.f90.o
[  4%] Building Fortran object thirdparty/greenX/GX-common/CMakeFiles/GXCommon.dir/src/error_handling.f90.o
[  4%] Linking Fortran static library ../lib/libGXCommon.a
[  4%] Built target GXCommon
[  4%] Building Fortran object thirdparty/greenX/GX-TimeFrequency/CMakeFiles/LibGXMiniMax.dir/src/minimax_utils.F90.o
[  4%] Building Fortran object thirdparty/greenX/GX-TimeFrequency/CMakeFiles/LibGXMiniMax.dir/src/minimax_omega.F90.o
[  7%] Building Fortran object thirdparty/greenX/GX-TimeFrequency/CMakeFiles/LibGXMiniMax.dir/src/minimax_tau.F90.o
[  7%] Building Fortran object thirdparty/greenX/GX-TimeFrequency/CMakeFiles/LibGXMiniMax.dir/api/api_utilities.f90.o
[  9%] Building Fortran object thirdparty/greenX/GX-TimeFrequency/CMakeFiles/LibGXMiniMax.dir/src/minimax_grids.F90.o
[  9%] Building Fortran object thirdparty/greenX/GX-TimeFrequency/CMakeFiles/LibGXMiniMax.dir/api/gx_minimax.f90.o
[ 11%] Linking Fortran static library ../lib/libLibGXMiniMax.a
[ 11%] Built target LibGXMiniMax
[ 14%] Building Fortran object src/CMakeFiles/rpa_lib.dir/interface/gx_minimax_wrp.f90.o
[ 16%] Building CXX object src/CMakeFiles/rpa_lib.dir/envs_cmake.cpp.o
[ 16%] Building CXX object src/CMakeFiles/rpa_lib.dir/api/compute_helper.cpp.o
[ 16%] Building CXX object src/CMakeFiles/rpa_lib.dir/api/compute_exx.cpp.o
[ 19%] Building CXX object src/CMakeFiles/rpa_lib.dir/api/compute_g0w0.cpp.o
[ 19%] Building CXX object src/CMakeFiles/rpa_lib.dir/api/compute_rpa.cpp.o
[ 21%] Building CXX object src/CMakeFiles/rpa_lib.dir/api/dataset.cpp.o
[ 21%] Building CXX object src/CMakeFiles/rpa_lib.dir/api/dataset_helper.cpp.o
[ 23%] Building CXX object src/CMakeFiles/rpa_lib.dir/api/global.cpp.o
[ 23%] Building CXX object src/CMakeFiles/rpa_lib.dir/api/handler.cpp.o
[ 23%] Building CXX object src/CMakeFiles/rpa_lib.dir/api/input.cpp.o
[ 26%] Building CXX object src/CMakeFiles/rpa_lib.dir/api/instance_manager.cpp.o
[ 26%] Building CXX object src/CMakeFiles/rpa_lib.dir/api/librpa.cpp.o
[ 28%] Building CXX object src/CMakeFiles/rpa_lib.dir/api/options.cpp.o
[ 28%] Building CXX object src/CMakeFiles/rpa_lib.dir/core/analycont.cpp.o
[ 30%] Building CXX object src/CMakeFiles/rpa_lib.dir/core/symmetry_context.cpp.o
[ 30%] Building CXX object src/CMakeFiles/rpa_lib.dir/core/atomic_basis.cpp.o
[ 30%] Building CXX object src/CMakeFiles/rpa_lib.dir/core/chi0.cpp.o
[ 33%] Building CXX object src/CMakeFiles/rpa_lib.dir/core/coulmat.cpp.o
[ 33%] Building CXX object src/CMakeFiles/rpa_lib.dir/core/dielecmodel.cpp.o
[ 35%] Building CXX object src/CMakeFiles/rpa_lib.dir/core/epsilon.cpp.o
[ 35%] Building CXX object src/CMakeFiles/rpa_lib.dir/core/exx.cpp.o
[ 35%] Building CXX object src/CMakeFiles/rpa_lib.dir/core/geometry.cpp.o
[ 38%] Building CXX object src/CMakeFiles/rpa_lib.dir/core/gw.cpp.o
[ 38%] Building CXX object src/CMakeFiles/rpa_lib.dir/core/meanfield.cpp.o
[ 40%] Building CXX object src/CMakeFiles/rpa_lib.dir/core/meanfield_mpi.cpp.o
[ 40%] Building CXX object src/CMakeFiles/rpa_lib.dir/core/minimax_gx.cpp.o
[ 42%] Building CXX object src/CMakeFiles/rpa_lib.dir/core/pbc.cpp.o
[ 42%] Building CXX object src/CMakeFiles/rpa_lib.dir/core/qpoint_view.cpp.o
[ 42%] Building CXX object src/CMakeFiles/rpa_lib.dir/core/qpe_solver.cpp.o
[ 45%] Building CXX object src/CMakeFiles/rpa_lib.dir/core/ri.cpp.o
[ 45%] Building CXX object src/CMakeFiles/rpa_lib.dir/core/timefreq.cpp.o
[ 47%] Building CXX object src/CMakeFiles/rpa_lib.dir/core/utils_atomic_basis_blacs.cpp.o
[ 47%] Building CXX object src/CMakeFiles/rpa_lib.dir/core/utils_complexmatrix.cpp.o
[ 47%] Building CXX object src/CMakeFiles/rpa_lib.dir/io/fs.cpp.o
[ 50%] Building CXX object src/CMakeFiles/rpa_lib.dir/io/aux_basis_summary.cpp.o
[ 50%] Building CXX object src/CMakeFiles/rpa_lib.dir/io/global_io.cpp.o
[ 52%] Building CXX object src/CMakeFiles/rpa_lib.dir/io/input_elsi.cpp.o
[ 52%] Building CXX object src/CMakeFiles/rpa_lib.dir/io/output_gw.cpp.o
[ 52%] Building CXX object src/CMakeFiles/rpa_lib.dir/math/complexmatrix.cpp.o
[ 52%] Building CXX object src/CMakeFiles/rpa_lib.dir/math/fitting.cpp.o
[ 54%] Building CXX object src/CMakeFiles/rpa_lib.dir/math/interpolate.cpp.o
[ 54%] Building CXX object src/CMakeFiles/rpa_lib.dir/math/lebedev_laikov.cpp.o
[ 57%] Building CXX object src/CMakeFiles/rpa_lib.dir/math/mathtools.cpp.o
[ 57%] Building CXX object src/CMakeFiles/rpa_lib.dir/math/matrix.cpp.o
[ 59%] Building CXX object src/CMakeFiles/rpa_lib.dir/math/matrix3.cpp.o
[ 59%] Building CXX object src/CMakeFiles/rpa_lib.dir/math/rsh.cpp.o
[ 59%] Building CXX object src/CMakeFiles/rpa_lib.dir/math/symmetry.cpp.o
[ 61%] Building CXX object src/CMakeFiles/rpa_lib.dir/math/utils_matrix_mpi.cpp.o
[ 61%] Building CXX object src/CMakeFiles/rpa_lib.dir/math/vector3_order.cpp.o
[ 64%] Building CXX object src/CMakeFiles/rpa_lib.dir/math/wigner_rotation.cpp.o
[ 64%] Building CXX object src/CMakeFiles/rpa_lib.dir/mpi/base_blacs.cpp.o
[ 64%] Building CXX object src/CMakeFiles/rpa_lib.dir/mpi/base_mpi.cpp.o
[ 66%] Building CXX object src/CMakeFiles/rpa_lib.dir/mpi/utils_blacs.cpp.o
[ 66%] Building CXX object src/CMakeFiles/rpa_lib.dir/mpi/global_mpi.cpp.o
[ 69%] Building CXX object src/CMakeFiles/rpa_lib.dir/mpi/two_level_parallel_context.cpp.o
[ 69%] Building CXX object src/CMakeFiles/rpa_lib.dir/mpi/kpoint_blacs_parallel_context.cpp.o
[ 71%] Building CXX object src/CMakeFiles/rpa_lib.dir/utils/constants.cpp.o
[ 71%] Building CXX object src/CMakeFiles/rpa_lib.dir/utils/dev_options.cpp.o
[ 71%] Building CXX object src/CMakeFiles/rpa_lib.dir/utils/profiler.cpp.o
[ 73%] Building CXX object src/CMakeFiles/rpa_lib.dir/utils/utils_cmake.cpp.o
[ 73%] Building CXX object src/CMakeFiles/rpa_lib.dir/utils/utils_mem.cpp.o
[ 76%] Building CXX object src/CMakeFiles/rpa_lib.dir/qsgw/correlation_potential.cpp.o
[ 76%] Building CXX object src/CMakeFiles/rpa_lib.dir/utils/elpa_stub.cpp.o
[ 78%] Building CXX object src/CMakeFiles/rpa_lib.dir/qsgw/convergence.cpp.o
[ 78%] Building CXX object src/CMakeFiles/rpa_lib.dir/qsgw/distributed_matrix.cpp.o
[ 78%] Building CXX object src/CMakeFiles/rpa_lib.dir/qsgw/effective_hamiltonian.cpp.o
[ 80%] Building CXX object src/CMakeFiles/rpa_lib.dir/qsgw/fixed_basis.cpp.o
[ 80%] Building CXX object src/CMakeFiles/rpa_lib.dir/qsgw/hamiltonian_mixing.cpp.o
[ 83%] Building CXX object src/CMakeFiles/rpa_lib.dir/qsgw/hartree_density.cpp.o
[ 83%] Building CXX object src/CMakeFiles/rpa_lib.dir/qsgw/hartree_dump.cpp.o
[ 83%] Building CXX object src/CMakeFiles/rpa_lib.dir/qsgw/hartree_kernel.cpp.o
[ 85%] Building CXX object src/CMakeFiles/rpa_lib.dir/qsgw/hartree_route.cpp.o
[ 85%] Building CXX object src/CMakeFiles/rpa_lib.dir/qsgw/hartree_workflow.cpp.o
[ 88%] Building CXX object src/CMakeFiles/rpa_lib.dir/qsgw/input_contract.cpp.o
[ 88%] Building CXX object src/CMakeFiles/rpa_lib.dir/qsgw/iteration_trace.cpp.o
[ 90%] Building CXX object src/CMakeFiles/rpa_lib.dir/qsgw/mixing.cpp.o
[ 90%] Building CXX object src/CMakeFiles/rpa_lib.dir/qsgw/occupation.cpp.o
[ 90%] Building CXX object src/CMakeFiles/rpa_lib.dir/qsgw/operator_fourier.cpp.o
[ 92%] Building CXX object src/CMakeFiles/rpa_lib.dir/qsgw/projection_target.cpp.o
[ 92%] Building CXX object src/CMakeFiles/rpa_lib.dir/qsgw/sha256.cpp.o
[ 95%] Building CXX object src/CMakeFiles/rpa_lib.dir/qsgw/vxc_io.cpp.o
[ 95%] Linking CXX static library librpa.a
[ 95%] Built target rpa_lib
[ 95%] Building CXX object driver/test/CMakeFiles/test_qsgw_inputfile.dir/test_qsgw_inputfile.cpp.o
[ 97%] Building CXX object driver/test/CMakeFiles/test_qsgw_inputfile.dir/__/driver.cpp.o
[ 97%] Building CXX object driver/test/CMakeFiles/test_qsgw_inputfile.dir/__/inputfile.cpp.o
[ 97%] Building CXX object driver/test/CMakeFiles/test_qsgw_inputfile.dir/__/input_parser.cpp.o
[100%] Linking CXX executable test_qsgw_inputfile
[100%] Built target test_qsgw_inputfile
