[  0%] Building CXX object driver/test/CMakeFiles/test_input_parser.dir/test_input_parser.cpp.o
[  2%] Built target GXCommon
[  2%] Building CXX object driver/test/CMakeFiles/test_input_parser.dir/__/input_parser.cpp.o
[  5%] Built target LibGXMiniMax
[  5%] Building Fortran object thirdparty/greenX/GX-TimeFrequency/CMakeFiles/test_gx_minimax_grid.dir/test/test_gx_minimax_grid.f90.o
[  5%] Building Fortran object thirdparty/greenX/GX-TimeFrequency/CMakeFiles/GXTabulateGrids.dir/utilities/gx_tabulate_minimax.F90.o
[  6%] Linking Fortran executable ../bin/test_gx_minimax_grid.exe
[  6%] Building Fortran object thirdparty/greenX/GX-TimeFrequency/CMakeFiles/test_gx_minimax_duality_error.dir/test/test_gx_minimax_duality_error.f90.o
[  7%] Linking Fortran executable ../bin/gx_tabulate_grids.exe
[  7%] Built target test_gx_minimax_grid
[  8%] Linking Fortran executable ../bin/test_gx_minimax_duality_error.exe
[ 43%] Built target rpa_lib
[ 43%] Built target GXTabulateGrids
[ 43%] Building CXX object driver/CMakeFiles/rpa_exe.dir/driver.cpp.o
[ 45%] Built target test_qsgw_inputfile
[ 45%] Built target test_gx_minimax_duality_error
[ 46%] Building CXX object src/test/CMakeFiles/test_analycont.dir/test_analycont.cpp.o
[ 46%] Building CXX object src/test/CMakeFiles/test_atom.dir/test_atom.cpp.o
[ 47%] Linking CXX executable test_atom
[ 47%] Linking CXX executable test_analycont
[ 47%] Built target test_atom
[ 47%] Building CXX object src/test/CMakeFiles/test_atomic_basis.dir/test_atomic_basis.cpp.o
[ 47%] Built target test_analycont
[ 48%] Building CXX object src/test/CMakeFiles/test_base_utility.dir/test_base_utility.cpp.o
[ 48%] Linking CXX executable test_base_utility
[ 49%] Building CXX object driver/CMakeFiles/rpa_exe.dir/input_parser.cpp.o
[ 49%] Built target test_base_utility
[ 49%] Building CXX object src/test/CMakeFiles/test_blas_lapack.dir/test_blas_lapack.cpp.o
[ 50%] Linking CXX executable test_blas_lapack
[ 50%] Linking CXX executable test_atomic_basis
[ 50%] Built target test_atomic_basis
[ 50%] Building CXX object src/test/CMakeFiles/test_complexmatrix.dir/test_complexmatrix.cpp.o
[ 50%] Built target test_blas_lapack
[ 50%] Building CXX object src/test/CMakeFiles/test_qsgw_correlation_potential.dir/test_qsgw_correlation_potential.cpp.o
[ 50%] Linking CXX executable test_complexmatrix
[ 51%] Linking CXX executable test_input_parser
[ 51%] Built target test_input_parser
[ 51%] Building CXX object src/test/CMakeFiles/test_qsgw_convergence.dir/test_qsgw_convergence.cpp.o
[ 51%] Built target test_complexmatrix
[ 52%] Building CXX object src/test/CMakeFiles/test_qsgw_effective_hamiltonian.dir/test_qsgw_effective_hamiltonian.cpp.o
[ 53%] Linking CXX executable test_qsgw_convergence
[ 54%] Linking CXX executable test_qsgw_correlation_potential
[ 54%] Built target test_qsgw_convergence
[ 55%] Building CXX object src/test/CMakeFiles/test_fitting.dir/test_fitting.cpp.o
[ 55%] Built target test_qsgw_correlation_potential
[ 55%] Building CXX object src/test/CMakeFiles/test_io.dir/test_io.cpp.o
[ 55%] Linking CXX executable test_fitting
[ 55%] Linking CXX executable test_qsgw_effective_hamiltonian
[ 55%] Built target test_fitting
[ 56%] Building CXX object src/test/CMakeFiles/test_symmetry_context.dir/test_symmetry_context.cpp.o
[ 56%] Building CXX object driver/CMakeFiles/rpa_exe.dir/inputfile.cpp.o
[ 56%] Built target test_qsgw_effective_hamiltonian
[ 56%] Building CXX object src/test/CMakeFiles/test_arbitrary_float.dir/test_arbitrary_float.cpp.o
[ 57%] Linking CXX executable test_io
[ 57%] Built target test_io
[ 57%] Building CXX object src/test/CMakeFiles/test_geometry.dir/test_geometry.cpp.o
[ 58%] Linking CXX executable test_geometry
[ 58%] Built target test_geometry
[ 59%] Building CXX object src/test/CMakeFiles/test_lebedev_laikov.dir/test_lebedev_laikov.cpp.o
[ 60%] Linking CXX executable test_arbitrary_float
[ 60%] Linking CXX executable test_lebedev_laikov
[ 60%] Built target test_arbitrary_float
[ 61%] Building CXX object src/test/CMakeFiles/test_libri_utils.dir/test_libri_utils.cpp.o
[ 61%] Built target test_lebedev_laikov
[ 62%] Building CXX object src/test/CMakeFiles/test_matrix.dir/test_matrix.cpp.o
[ 62%] Linking CXX executable test_matrix
[ 62%] Built target test_matrix
[ 62%] Building CXX object src/test/CMakeFiles/test_matrix_m.dir/test_matrix_m.cpp.o
[ 62%] Linking CXX executable test_libri_utils
[ 62%] Built target test_libri_utils
[ 62%] Building CXX object src/test/CMakeFiles/test_meanfield.dir/test_meanfield.cpp.o
[ 62%] Linking CXX executable test_symmetry_context
[ 62%] Built target test_symmetry_context
[ 63%] Building CXX object src/test/CMakeFiles/test_pbc.dir/test_pbc.cpp.o
[ 64%] Linking CXX executable test_matrix_m
[ 64%] Building CXX object driver/CMakeFiles/rpa_exe.dir/main.cpp.o
[ 64%] Built target test_matrix_m
[ 65%] Building CXX object src/test/CMakeFiles/test_profiler.dir/test_profiler.cpp.o
[ 65%] Linking CXX executable test_pbc
[ 65%] Linking CXX executable test_profiler
[ 65%] Built target test_pbc
[ 66%] Building CXX object src/test/CMakeFiles/test_qsgw_fixed_basis.dir/test_qsgw_fixed_basis.cpp.o
[ 66%] Built target test_profiler
[ 66%] Building CXX object src/test/CMakeFiles/test_qsgw_hamiltonian_mixing.dir/test_qsgw_hamiltonian_mixing.cpp.o
[ 67%] Building CXX object driver/CMakeFiles/rpa_exe.dir/read_data.cpp.o
[ 68%] Linking CXX executable test_meanfield
[ 68%] Built target test_meanfield
[ 68%] Building CXX object src/test/CMakeFiles/test_qsgw_hartree_density.dir/test_qsgw_hartree_density.cpp.o
[ 69%] Linking CXX executable test_qsgw_hamiltonian_mixing
[ 69%] Built target test_qsgw_hamiltonian_mixing
[ 69%] Building CXX object src/test/CMakeFiles/test_qsgw_hartree_dump.dir/test_qsgw_hartree_dump.cpp.o
[ 69%] Linking CXX executable test_qsgw_fixed_basis
[ 69%] Built target test_qsgw_fixed_basis
[ 70%] Building CXX object src/test/CMakeFiles/test_qsgw_hartree_kernel.dir/test_qsgw_hartree_kernel.cpp.o
[ 70%] Linking CXX executable test_qsgw_hartree_dump
[ 70%] Built target test_qsgw_hartree_dump
[ 71%] Building CXX object src/test/CMakeFiles/test_qsgw_hartree_route.dir/test_qsgw_hartree_route.cpp.o
[ 71%] Linking CXX executable test_qsgw_hartree_route
[ 71%] Linking CXX executable test_qsgw_hartree_kernel
[ 71%] Built target test_qsgw_hartree_route
[ 72%] Building CXX object src/test/CMakeFiles/test_qsgw_hartree_workflow.dir/test_qsgw_hartree_workflow.cpp.o
[ 73%] Linking CXX executable test_qsgw_hartree_density
[ 73%] Built target test_qsgw_hartree_kernel
[ 73%] Building CXX object src/test/CMakeFiles/test_qsgw_input_contract.dir/test_qsgw_input_contract.cpp.o
[ 73%] Built target test_qsgw_hartree_density
[ 73%] Building CXX object src/test/CMakeFiles/test_qsgw_iteration_trace.dir/test_qsgw_iteration_trace.cpp.o
[ 74%] Linking CXX executable test_qsgw_input_contract
[ 74%] Built target test_qsgw_input_contract
[ 74%] Building CXX object src/test/CMakeFiles/test_qsgw_mixing.dir/test_qsgw_mixing.cpp.o
[ 75%] Linking CXX executable test_qsgw_mixing
[ 75%] Built target test_qsgw_mixing
[ 75%] Building CXX object src/test/CMakeFiles/test_qsgw_occupation.dir/test_qsgw_occupation.cpp.o
[ 76%] Linking CXX executable test_qsgw_iteration_trace
[ 76%] Built target test_qsgw_iteration_trace
[ 77%] Building CXX object src/test/CMakeFiles/test_qsgw_operator_fourier.dir/test_qsgw_operator_fourier.cpp.o
[ 77%] Linking CXX executable test_qsgw_occupation
[ 77%] Building CXX object driver/CMakeFiles/rpa_exe.dir/reader_eigenvec.cpp.o
[ 77%] Built target test_qsgw_occupation
[ 78%] Building CXX object src/test/CMakeFiles/test_qsgw_projection_target.dir/test_qsgw_projection_target.cpp.o
[ 78%] Linking CXX executable test_qsgw_hartree_workflow
[ 78%] Built target test_qsgw_hartree_workflow
[ 79%] Building CXX object src/test/CMakeFiles/test_qsgw_sha256.dir/test_qsgw_sha256.cpp.o
[ 79%] Linking CXX executable test_qsgw_sha256
[ 79%] Built target test_qsgw_sha256
[ 79%] Building CXX object src/test/CMakeFiles/test_qsgw_vxc_io.dir/test_qsgw_vxc_io.cpp.o
[ 79%] Linking CXX executable test_qsgw_projection_target
[ 79%] Built target test_qsgw_projection_target
[ 79%] Building CXX object src/test/CMakeFiles/test_qpe_solver.dir/test_qpe_solver.cpp.o
[ 79%] Linking CXX executable test_qsgw_operator_fourier
[ 80%] Linking CXX executable test_qpe_solver
[ 80%] Built target test_qsgw_operator_fourier
[ 80%] Built target test_qpe_solver
[ 80%] Building CXX object src/test/CMakeFiles/test_rsh.dir/test_rsh.cpp.o
[ 81%] Building CXX object src/test/CMakeFiles/test_symmetry.dir/test_symmetry.cpp.o
[ 82%] Linking CXX executable test_qsgw_vxc_io
[ 82%] Linking CXX executable test_rsh
[ 82%] Built target test_qsgw_vxc_io
[ 82%] Building CXX object src/test/CMakeFiles/test_timefreq.dir/test_timefreq.cpp.o
[ 82%] Built target test_rsh
[ 83%] Building CXX object driver/CMakeFiles/rpa_exe.dir/reader_basis.cpp.o
[ 83%] Building CXX object src/test/CMakeFiles/test_vector3.dir/test_vector3.cpp.o
[ 84%] Linking CXX executable test_vector3
[ 84%] Built target test_vector3
[ 84%] Linking CXX executable test_symmetry
[ 84%] Building CXX object src/test/CMakeFiles/test_wigner_rotation.dir/test_wigner_rotation.cpp.o
[ 85%] Linking CXX executable test_timefreq
[ 85%] Built target test_symmetry
[ 86%] Building CXX object src/test/CMakeFiles/test_atomic_basis_blacs.dir/test_atomic_basis_blacs.cpp.o
[ 86%] Built target test_timefreq
[ 87%] Building CXX object src/test/CMakeFiles/test_base_mpi.dir/test_base_mpi.cpp.o
[ 88%] Linking CXX executable test_wigner_rotation
[ 88%] Built target test_wigner_rotation
[ 88%] Building CXX object src/test/CMakeFiles/test_blacs.dir/test_blacs.cpp.o
[ 88%] Building CXX object driver/CMakeFiles/rpa_exe.dir/reader_structure.cpp.o
[ 88%] Linking CXX executable test_base_mpi
[ 88%] Built target test_base_mpi
[ 89%] Building CXX object src/test/CMakeFiles/test_dataset.dir/test_dataset.cpp.o
[ 90%] Linking CXX executable test_blacs
[ 91%] Building CXX object driver/CMakeFiles/rpa_exe.dir/reader_lri.cpp.o
[ 91%] Building CXX object driver/CMakeFiles/rpa_exe.dir/reader_coulomb.cpp.o
[ 91%] Linking CXX executable test_atomic_basis_blacs
[ 91%] Building CXX object driver/CMakeFiles/rpa_exe.dir/task.cpp.o
[ 92%] Building CXX object driver/CMakeFiles/rpa_exe.dir/tasks/task_helper.cpp.o
[ 92%] Linking CXX executable test_dataset
[ 92%] Building CXX object driver/CMakeFiles/rpa_exe.dir/tasks/exx.cpp.o
[ 93%] Building CXX object driver/CMakeFiles/rpa_exe.dir/tasks/exx_band.cpp.o
[ 93%] Building CXX object driver/CMakeFiles/rpa_exe.dir/tasks/g0w0.cpp.o
[ 93%] Built target test_dataset
[ 94%] Building CXX object driver/CMakeFiles/rpa_exe.dir/tasks/g0w0_band.cpp.o
[ 94%] Building CXX object driver/CMakeFiles/rpa_exe.dir/tasks/rpa.cpp.o
[ 94%] Building CXX object driver/CMakeFiles/rpa_exe.dir/tasks/print_minimax.cpp.o
[ 95%] Building CXX object driver/CMakeFiles/rpa_exe.dir/tasks/qsgw.cpp.o
[ 95%] Linking CXX executable ../chi0_main.exe
[ 95%] Built target rpa_exe
