/usr/bin/ld: /opt/intel/oneapi/mkl/2025.2/lib/libmkl_intel_thread.so: undefined reference to `__kmpc_dispatch_next_4'
/usr/bin/ld: /opt/intel/oneapi/mkl/2025.2/lib/libmkl_intel_thread.so: undefined reference to `__kmpc_end_masked'
/usr/bin/ld: /opt/intel/oneapi/mkl/2025.2/lib/libmkl_intel_thread.so: undefined reference to `__kmpc_for_static_fini'
/usr/bin/ld: /opt/intel/oneapi/mkl/2025.2/lib/libmkl_intel_thread.so: undefined reference to `__kmpc_omp_task_alloc'
/usr/bin/ld: /opt/intel/oneapi/mkl/2025.2/lib/libmkl_intel_thread.so: undefined reference to `__kmpc_dispatch_next_8'
/usr/bin/ld: /opt/intel/oneapi/mkl/2025.2/lib/libmkl_intel_thread.so: undefined reference to `__kmpc_barrier'
/usr/bin/ld: /opt/intel/oneapi/mkl/2025.2/lib/libmkl_intel_thread.so: undefined reference to `__kmpc_omp_task'
/usr/bin/ld: /opt/intel/oneapi/mkl/2025.2/lib/libmkl_intel_thread.so: undefined reference to `__kmpc_dispatch_init_4'
/usr/bin/ld: /opt/intel/oneapi/mkl/2025.2/lib/libmkl_intel_thread.so: undefined reference to `__kmpc_end_serialized_parallel'
/usr/bin/ld: /opt/intel/oneapi/mkl/2025.2/lib/libmkl_intel_thread.so: undefined reference to `__kmpc_atomic_fixed4_add'
/usr/bin/ld: /opt/intel/oneapi/mkl/2025.2/lib/libmkl_intel_thread.so: undefined reference to `__kmpc_push_proc_bind'
/usr/bin/ld: /opt/intel/oneapi/mkl/2025.2/lib/libmkl_intel_thread.so: undefined reference to `__kmpc_dispatch_fini_8'
/usr/bin/ld: /opt/intel/oneapi/mkl/2025.2/lib/libmkl_intel_thread.so: undefined reference to `__kmpc_for_static_init_4u'
/usr/bin/ld: /opt/intel/oneapi/mkl/2025.2/lib/libmkl_intel_thread.so: undefined reference to `__kmpc_atomic_fixed8_add'
/usr/bin/ld: /opt/intel/oneapi/mkl/2025.2/lib/libmkl_intel_thread.so: undefined reference to `__kmpc_atomic_float4_add'
/usr/bin/ld: /opt/intel/oneapi/mkl/2025.2/lib/libmkl_intel_thread.so: undefined reference to `__kmpc_atomic_float8_max'
/usr/bin/ld: /opt/intel/oneapi/mkl/2025.2/lib/libmkl_intel_thread.so: undefined reference to `__kmpc_reduce'
/usr/bin/ld: /opt/intel/oneapi/mkl/2025.2/lib/libmkl_intel_thread.so: undefined reference to `__kmpc_end_critical'
/usr/bin/ld: /opt/intel/oneapi/mkl/2025.2/lib/libmkl_intel_thread.so: undefined reference to `__kmpc_for_static_init_8'
/usr/bin/ld: /opt/intel/oneapi/mkl/2025.2/lib/libmkl_intel_thread.so: undefined reference to `__kmpc_atomic_float8_add'
/usr/bin/ld: /opt/intel/oneapi/mkl/2025.2/lib/libmkl_intel_thread.so: undefined reference to `__kmpc_end_reduce'
/usr/bin/ld: /opt/intel/oneapi/mkl/2025.2/lib/libmkl_intel_thread.so: undefined reference to `__kmpc_flush'
/usr/bin/ld: /opt/intel/oneapi/mkl/2025.2/lib/libmkl_intel_thread.so: undefined reference to `__kmpc_for_static_init_8u'
/usr/bin/ld: /opt/intel/oneapi/mkl/2025.2/lib/libmkl_intel_thread.so: undefined reference to `__kmpc_fork_call'
/usr/bin/ld: /opt/intel/oneapi/mkl/2025.2/lib/libmkl_intel_thread.so: undefined reference to `__kmpc_for_static_init_4'
/usr/bin/ld: /opt/intel/oneapi/mkl/2025.2/lib/libmkl_intel_thread.so: undefined reference to `__kmpc_ordered'
/usr/bin/ld: /opt/intel/oneapi/mkl/2025.2/lib/libmkl_intel_thread.so: undefined reference to `__kmpc_push_num_threads'
/usr/bin/ld: /opt/intel/oneapi/mkl/2025.2/lib/libmkl_intel_thread.so: undefined reference to `__kmpc_atomic_cmplx8_add'
/usr/bin/ld: /opt/intel/oneapi/mkl/2025.2/lib/libmkl_intel_thread.so: undefined reference to `__kmpc_global_thread_num'
/usr/bin/ld: /opt/intel/oneapi/mkl/2025.2/lib/libmkl_intel_thread.so: undefined reference to `__kmpc_critical'
/usr/bin/ld: /opt/intel/oneapi/mkl/2025.2/lib/libmkl_intel_thread.so: undefined reference to `__kmpc_omp_task_with_deps'
/usr/bin/ld: /opt/intel/oneapi/mkl/2025.2/lib/libmkl_intel_thread.so: undefined reference to `__kmpc_reduce_nowait'
/usr/bin/ld: /opt/intel/oneapi/mkl/2025.2/lib/libmkl_intel_thread.so: undefined reference to `__kmpc_atomic_float4_max'
/usr/bin/ld: /opt/intel/oneapi/mkl/2025.2/lib/libmkl_intel_thread.so: undefined reference to `__kmpc_single'
/usr/bin/ld: /opt/intel/oneapi/mkl/2025.2/lib/libmkl_intel_thread.so: undefined reference to `__kmpc_dispatch_init_8'
/usr/bin/ld: /opt/intel/oneapi/mkl/2025.2/lib/libmkl_intel_thread.so: undefined reference to `__kmpc_atomic_cmplx4_add'
/usr/bin/ld: /opt/intel/oneapi/mkl/2025.2/lib/libmkl_intel_thread.so: undefined reference to `__kmpc_ok_to_fork'
/usr/bin/ld: /opt/intel/oneapi/mkl/2025.2/lib/libmkl_intel_thread.so: undefined reference to `__kmpc_end_single'
/usr/bin/ld: /opt/intel/oneapi/mkl/2025.2/lib/libmkl_intel_thread.so: undefined reference to `__kmpc_end_ordered'
/usr/bin/ld: /opt/intel/oneapi/mkl/2025.2/lib/libmkl_intel_thread.so: undefined reference to `__kmpc_end_reduce_nowait'
/usr/bin/ld: /opt/intel/oneapi/mkl/2025.2/lib/libmkl_intel_thread.so: undefined reference to `__kmpc_serialized_parallel'
/usr/bin/ld: /opt/intel/oneapi/mkl/2025.2/lib/libmkl_intel_thread.so: undefined reference to `__kmpc_masked'
collect2: error: ld returned 1 exit status
gmake[2]: *** [src/test/CMakeFiles/test_blacs.dir/build.make:121: src/test/test_blacs] Error 1
gmake[1]: *** [CMakeFiles/Makefile2:2226: src/test/CMakeFiles/test_blacs.dir/all] Error 2
gmake[1]: *** Waiting for unfinished jobs....
/usr/bin/ld: /opt/intel/oneapi/mkl/2025.2/lib/libmkl_intel_thread.so: undefined reference to `__kmpc_dispatch_next_4'
/usr/bin/ld: /opt/intel/oneapi/mkl/2025.2/lib/libmkl_intel_thread.so: undefined reference to `__kmpc_end_masked'
/usr/bin/ld: /opt/intel/oneapi/mkl/2025.2/lib/libmkl_intel_thread.so: undefined reference to `__kmpc_for_static_fini'
/usr/bin/ld: /opt/intel/oneapi/mkl/2025.2/lib/libmkl_intel_thread.so: undefined reference to `__kmpc_omp_task_alloc'
/usr/bin/ld: /opt/intel/oneapi/mkl/2025.2/lib/libmkl_intel_thread.so: undefined reference to `__kmpc_dispatch_next_8'
/usr/bin/ld: /opt/intel/oneapi/mkl/2025.2/lib/libmkl_intel_thread.so: undefined reference to `__kmpc_barrier'
/usr/bin/ld: /opt/intel/oneapi/mkl/2025.2/lib/libmkl_intel_thread.so: undefined reference to `__kmpc_omp_task'
/usr/bin/ld: /opt/intel/oneapi/mkl/2025.2/lib/libmkl_intel_thread.so: undefined reference to `__kmpc_dispatch_init_4'
/usr/bin/ld: /opt/intel/oneapi/mkl/2025.2/lib/libmkl_intel_thread.so: undefined reference to `__kmpc_end_serialized_parallel'
/usr/bin/ld: /opt/intel/oneapi/mkl/2025.2/lib/libmkl_intel_thread.so: undefined reference to `__kmpc_atomic_fixed4_add'
/usr/bin/ld: /opt/intel/oneapi/mkl/2025.2/lib/libmkl_intel_thread.so: undefined reference to `__kmpc_push_proc_bind'
/usr/bin/ld: /opt/intel/oneapi/mkl/2025.2/lib/libmkl_intel_thread.so: undefined reference to `__kmpc_dispatch_fini_8'
/usr/bin/ld: /opt/intel/oneapi/mkl/2025.2/lib/libmkl_intel_thread.so: undefined reference to `__kmpc_for_static_init_4u'
/usr/bin/ld: /opt/intel/oneapi/mkl/2025.2/lib/libmkl_intel_thread.so: undefined reference to `__kmpc_atomic_fixed8_add'
/usr/bin/ld: /opt/intel/oneapi/mkl/2025.2/lib/libmkl_intel_thread.so: undefined reference to `__kmpc_atomic_float4_add'
/usr/bin/ld: /opt/intel/oneapi/mkl/2025.2/lib/libmkl_intel_thread.so: undefined reference to `__kmpc_atomic_float8_max'
/usr/bin/ld: /opt/intel/oneapi/mkl/2025.2/lib/libmkl_intel_thread.so: undefined reference to `__kmpc_reduce'
/usr/bin/ld: /opt/intel/oneapi/mkl/2025.2/lib/libmkl_intel_thread.so: undefined reference to `__kmpc_end_critical'
/usr/bin/ld: /opt/intel/oneapi/mkl/2025.2/lib/libmkl_intel_thread.so: undefined reference to `__kmpc_for_static_init_8'
/usr/bin/ld: /opt/intel/oneapi/mkl/2025.2/lib/libmkl_intel_thread.so: undefined reference to `__kmpc_atomic_float8_add'
/usr/bin/ld: /opt/intel/oneapi/mkl/2025.2/lib/libmkl_intel_thread.so: undefined reference to `__kmpc_end_reduce'
/usr/bin/ld: /opt/intel/oneapi/mkl/2025.2/lib/libmkl_intel_thread.so: undefined reference to `__kmpc_flush'
/usr/bin/ld: /opt/intel/oneapi/mkl/2025.2/lib/libmkl_intel_thread.so: undefined reference to `__kmpc_for_static_init_8u'
/usr/bin/ld: /opt/intel/oneapi/mkl/2025.2/lib/libmkl_intel_thread.so: undefined reference to `__kmpc_fork_call'
/usr/bin/ld: /opt/intel/oneapi/mkl/2025.2/lib/libmkl_intel_thread.so: undefined reference to `__kmpc_for_static_init_4'
/usr/bin/ld: /opt/intel/oneapi/mkl/2025.2/lib/libmkl_intel_thread.so: undefined reference to `__kmpc_ordered'
/usr/bin/ld: /opt/intel/oneapi/mkl/2025.2/lib/libmkl_intel_thread.so: undefined reference to `__kmpc_push_num_threads'
/usr/bin/ld: /opt/intel/oneapi/mkl/2025.2/lib/libmkl_intel_thread.so: undefined reference to `__kmpc_atomic_cmplx8_add'
/usr/bin/ld: /opt/intel/oneapi/mkl/2025.2/lib/libmkl_intel_thread.so: undefined reference to `__kmpc_global_thread_num'
/usr/bin/ld: /opt/intel/oneapi/mkl/2025.2/lib/libmkl_intel_thread.so: undefined reference to `__kmpc_critical'
/usr/bin/ld: /opt/intel/oneapi/mkl/2025.2/lib/libmkl_intel_thread.so: undefined reference to `__kmpc_omp_task_with_deps'
/usr/bin/ld: /opt/intel/oneapi/mkl/2025.2/lib/libmkl_intel_thread.so: undefined reference to `__kmpc_reduce_nowait'
/usr/bin/ld: /opt/intel/oneapi/mkl/2025.2/lib/libmkl_intel_thread.so: undefined reference to `__kmpc_atomic_float4_max'
/usr/bin/ld: /opt/intel/oneapi/mkl/2025.2/lib/libmkl_intel_thread.so: undefined reference to `__kmpc_single'
/usr/bin/ld: /opt/intel/oneapi/mkl/2025.2/lib/libmkl_intel_thread.so: undefined reference to `__kmpc_dispatch_init_8'
/usr/bin/ld: /opt/intel/oneapi/mkl/2025.2/lib/libmkl_intel_thread.so: undefined reference to `__kmpc_atomic_cmplx4_add'
/usr/bin/ld: /opt/intel/oneapi/mkl/2025.2/lib/libmkl_intel_thread.so: undefined reference to `__kmpc_ok_to_fork'
/usr/bin/ld: /opt/intel/oneapi/mkl/2025.2/lib/libmkl_intel_thread.so: undefined reference to `__kmpc_end_single'
/usr/bin/ld: /opt/intel/oneapi/mkl/2025.2/lib/libmkl_intel_thread.so: undefined reference to `__kmpc_end_ordered'
/usr/bin/ld: /opt/intel/oneapi/mkl/2025.2/lib/libmkl_intel_thread.so: undefined reference to `__kmpc_end_reduce_nowait'
/usr/bin/ld: /opt/intel/oneapi/mkl/2025.2/lib/libmkl_intel_thread.so: undefined reference to `__kmpc_serialized_parallel'
/usr/bin/ld: /opt/intel/oneapi/mkl/2025.2/lib/libmkl_intel_thread.so: undefined reference to `__kmpc_masked'
collect2: error: ld returned 1 exit status
gmake[2]: *** [src/test/CMakeFiles/test_atomic_basis_blacs.dir/build.make:121: src/test/test_atomic_basis_blacs] Error 1
gmake[1]: *** [CMakeFiles/Makefile2:2158: src/test/CMakeFiles/test_atomic_basis_blacs.dir/all] Error 2
gmake: *** [Makefile:146: all] Error 2
