{
  "changed_factor": "parameters.head_mode",
  "factor_role": "head_mode",
  "head_success_count": 0,
  "head_tensor_block_count": 6,
  "head_tensor_max_abs": 0.0,
  "head_tensor_relative_frobenius": 0.0,
  "initial_block_count": 128,
  "initial_max_abs": 0.0,
  "initial_relative_frobenius": 0.0,
  "initial_tolerance": 1e-10,
  "input_contract_sha256": "dd255667efae3e27a435f48684b801b30b3f2a68bfa6c7e792fa4a1de848921d",
  "invariant_tolerance": 1e-10,
  "iteration1_exx_block_count": 64,
  "iteration1_exx_max_abs": 1.2434497875801753e-14,
  "iteration1_exx_relative_frobenius": 1.577403917102128e-15,
  "iteration1_sigc_block_count": 384,
  "iteration1_sigc_max_abs_change": 0.6998021130767917,
  "iteration1_sigc_relative_frobenius_change": 0.05565004899220882,
  "passed": true,
  "qsgw_completed_iterations": 2,
  "side_a": "head_only",
  "side_b": "head_plus_wing",
  "wing_effect_minimum": 1e-12,
  "wing_gram_hermiticity": 0.0,
  "wing_gram_min_eigenvalue": 0.7545509249982885,
  "wing_success_count": 2
}
