-- The CXX compiler identification is GNU 14.2.0
-- The Fortran compiler identification is GNU 14.2.0
-- Detecting CXX compiler ABI info
-- Detecting CXX compiler ABI info - done
-- Check for working CXX compiler: /usr/bin/c++ - skipped
-- Detecting CXX compile features
-- Detecting CXX compile features - done
-- Detecting Fortran compiler ABI info
-- Detecting Fortran compiler ABI info - done
-- Check for working Fortran compiler: /usr/bin/gfortran - skipped
-- Found IntelMKL: /opt/intel/oneapi/mkl/2025.2/lib/libmkl_intel_lp64.so
-- Found MPI_CXX: /opt/intel/oneapi/mpi/2021.16/lib/libmpicxx.so (found version "4.1")
-- Found MPI_Fortran: /opt/intel/oneapi/mpi/2021.16/lib/libmpifort.so (found version "4.1")
-- Found MPI: TRUE (found version "4.1")
-- Found OpenMP_CXX: -fopenmp (found version "4.5")
-- Found OpenMP_Fortran: -fopenmp (found version "4.5")
-- Found OpenMP: TRUE (found version "4.5")
-- Performing Test LIBRPA_STD_FILESYSTEM_NO_EXTRA_LIB
-- Performing Test LIBRPA_STD_FILESYSTEM_NO_EXTRA_LIB - Success
-- Build with LibRI and dependencies
-- Use internal Cereal  : thirdparty/cereal-1.3.0
-- Use internal LibComm : thirdparty/LibComm (commit hash 12457e7)
-- Use internal LibRI   : thirdparty/LibRI   (commit hash e978e96)
-- Driver MPI thread level         : MPI_THREAD_MULTIPLE
-- Generate MiniMax grids by using the bundled GreenX library (collected from commit c90d131)
-- Looking for Fortran sgemm
-- Looking for Fortran sgemm - not found
-- Performing Test CMAKE_HAVE_LIBC_PTHREAD
-- Performing Test CMAKE_HAVE_LIBC_PTHREAD - Success
-- Found Threads: TRUE
-- Looking for Fortran sgemm
-- Looking for Fortran sgemm - found
-- Found BLAS: /opt/intel/oneapi/mkl/2025.2/lib/libmkl_gf_lp64.so;/opt/intel/oneapi/mkl/2025.2/lib/libmkl_sequential.so;/opt/intel/oneapi/mkl/2025.2/lib/libmkl_core.so;-lm;-ldl
-- Looking for Fortran cheev
-- Looking for Fortran cheev - found
-- Found LAPACK: /opt/intel/oneapi/mkl/2025.2/lib/libmkl_gf_lp64.so;/opt/intel/oneapi/mkl/2025.2/lib/libmkl_sequential.so;/opt/intel/oneapi/mkl/2025.2/lib/libmkl_core.so;-lm;-ldl;-lm;-ldl
-- Found Python3: /usr/bin/python3 (found suitable version "3.13.5", minimum required is "3.7") found components: Interpreter Development Development.Module Development.Embed
-- LibRPA test enabled
-- LibRPA driver enabled
-- CMAKE_INSTALL_PREFIX /home/bhj/ai-runs/librpa-qsgw-polar-tdd-green-20260716-262a6424/source/install
-- CMAKE_INSTALL_RPATH: /home/bhj/ai-runs/librpa-qsgw-polar-tdd-green-20260716-262a6424/source/install/lib
-- CMAKE_CXX_FLAGS:   -fopenmp
-- CMAKE_Fortran_FLAGS: 
-- Configuring done (7.4s)
-- Generating done (0.2s)
-- Build files have been written to: /home/bhj/ai-runs/librpa-qsgw-polar-tdd-green-20260716-262a6424/build
