 
:: initializing oneAPI environment ...
   run_librpa_qsgw_headwing_green_v3.sh: BASH_VERSION = 5.2.37(1)-release
   args: Using "$@" for setvars.sh arguments: --force
:: advisor -- latest
:: ccl -- latest
:: compiler -- latest
:: debugger -- latest
:: dev-utilities -- latest
:: dpcpp-ct -- latest
:: dpl -- latest
:: ipp -- latest
:: ippcp -- latest
:: ishmem -- latest
:: mkl -- latest
:: mpi -- latest
:: pti -- latest
:: tbb -- latest
:: umf -- latest
:: vtune -- latest
:: oneAPI environment initialized ::
 
