[  2%] Built target GXCommon
[  3%] Built target test_input_parser
[  6%] Built target LibGXMiniMax
[  7%] Built target test_gx_minimax_grid
[  7%] Built target test_gx_minimax_duality_error
[  8%] Built target GXTabulateGrids
[ 44%] Built target rpa_lib
[ 45%] Built target test_geometry
[ 46%] Built target test_complexmatrix
[ 46%] Built target test_analycont
[ 47%] Built target test_atomic_basis
[ 47%] Built target test_base_utility
[ 48%] Built target test_atom
[ 49%] Built target test_qsgw_effective_hamiltonian
[ 51%] Built target test_qsgw_inputfile
[ 52%] Built target test_qsgw_convergence
[ 53%] Built target test_symmetry_context
[ 54%] Built target test_blas_lapack
[ 55%] Built target test_io
[ 55%] Built target test_qsgw_correlation_potential
[ 56%] Built target test_profiler
[ 57%] Built target test_libri_utils
[ 59%] Built target test_arbitrary_float
[ 59%] Built target test_matrix
[ 61%] Built target test_qsgw_hartree_workflow
[ 61%] Built target test_qsgw_fixed_basis
[ 62%] Built target test_qsgw_iteration_trace
[ 63%] Built target test_lebedev_laikov
[ 63%] Built target test_qsgw_hartree_density
[ 64%] Built target test_meanfield
[ 65%] Built target test_qsgw_hartree_kernel
[ 66%] Built target test_fitting
[ 67%] Built target test_qsgw_headwing_update
[ 68%] Built target test_matrix_m
[ 69%] Built target test_qsgw_hartree_route
[ 70%] Built target test_pbc
[ 72%] Built target test_qsgw_input_contract
[ 72%] Built target test_qsgw_hamiltonian_mixing
[ 80%] Built target rpa_exe
[ 81%] Built target test_qsgw_operator_fourier
[ 82%] Built target test_qsgw_projection_target
[ 84%] Built target test_timefreq
[ 84%] Built target test_qsgw_sha256
[ 85%] Built target test_dataset
[ 86%] Built target test_wigner_rotation
[ 86%] Built target test_qsgw_mixing
[ 87%] Built target test_base_mpi
[ 88%] Built target test_qsgw_occupation
[ 88%] Built target test_matrix_m_mpi
[ 89%] Built target test_shared_memory_mpi
[ 90%] Built target test_atomic_basis_blacs
[ 92%] Built target test_qpe_solver
[ 91%] Built target test_symmetry
[ 93%] Built target test_blacs
[ 94%] Built target test_meanfield_mpi
[ 95%] Built target test_qsgw_vxc_io
[ 96%] Built target test_qsgw_fixed_basis_mpi
[ 97%] Built target test_rpa_headwing
[ 97%] Built target test_rsh
[ 98%] Built target test_vector3
[ 99%] Built target test_qsgw_distributed_matrix
[100%] Built target test_kpoint_blacs_parallel_context
